/test:
    get:
        responses:
            200:
                body:
                    application/json:
                        example: |
                          {
                             "name": "test"
                          }

                        type:
                          displayName: Example Type
                          type: object
                          properties:
                              name:
                                  type: string

